06-Sep-2026 00:17:45.702 INFO [main] org.apache.catalina.core.ApplicationContext.log ContextListener: contextInitialized()
06-Sep-2026 00:17:45.702 INFO [main] org.apache.catalina.core.ApplicationContext.log SessionListener: contextInitialized()
06-Sep-2026 00:17:45.704 INFO [main] org.apache.catalina.core.ApplicationContext.log ContextListener: attributeAdded('StockTicker', 'async.Stockticker@1dce481b')
06-Sep-2026 00:20:38.317 INFO [main] org.apache.catalina.core.ApplicationContext.log SessionListener: contextDestroyed()
06-Sep-2026 00:20:38.317 INFO [main] org.apache.catalina.core.ApplicationContext.log ContextListener: contextDestroyed()
06-Sep-2026 00:20:50.329 INFO [main] org.apache.catalina.core.ApplicationContext.log ContextListener: contextInitialized()
06-Sep-2026 00:20:50.329 INFO [main] org.apache.catalina.core.ApplicationContext.log SessionListener: contextInitialized()
06-Sep-2026 00:20:50.331 INFO [main] org.apache.catalina.core.ApplicationContext.log ContextListener: attributeAdded('StockTicker', 'async.Stockticker@37a1beb3')
06-Sep-2026 00:40:41.677 INFO [main] org.apache.catalina.core.ApplicationContext.log SessionListener: contextDestroyed()
06-Sep-2026 00:40:41.677 INFO [main] org.apache.catalina.core.ApplicationContext.log ContextListener: contextDestroyed()
06-Sep-2026 00:40:57.942 INFO [main] org.apache.catalina.core.ApplicationContext.log ContextListener: contextInitialized()
06-Sep-2026 00:40:57.942 INFO [main] org.apache.catalina.core.ApplicationContext.log SessionListener: contextInitialized()
06-Sep-2026 00:40:57.944 INFO [main] org.apache.catalina.core.ApplicationContext.log ContextListener: attributeAdded('StockTicker', 'async.Stockticker@65a2e14e')
06-Sep-2026 00:45:50.112 INFO [main] org.apache.catalina.core.ApplicationContext.log SessionListener: contextDestroyed()
06-Sep-2026 00:45:50.112 INFO [main] org.apache.catalina.core.ApplicationContext.log ContextListener: contextDestroyed()
06-Sep-2026 00:46:01.442 INFO [main] org.apache.catalina.core.ApplicationContext.log ContextListener: contextInitialized()
06-Sep-2026 00:46:01.443 INFO [main] org.apache.catalina.core.ApplicationContext.log SessionListener: contextInitialized()
06-Sep-2026 00:46:01.444 INFO [main] org.apache.catalina.core.ApplicationContext.log ContextListener: attributeAdded('StockTicker', 'async.Stockticker@5443086a')
06-Sep-2026 00:46:20.861 SEVERE [http-nio-8080-exec-6] org.apache.catalina.core.StandardWrapperValve.invoke Servlet.service() for servlet [thu.vn.controller.ProductController] in context with path [/jpa02] threw exception [org.apache.tomcat.util.http.fileupload.impl.InvalidContentTypeException: the request doesn't contain a multipart/form-data or multipart/mixed stream, content type header is null] with root cause
	org.apache.tomcat.util.http.fileupload.impl.InvalidContentTypeException: the request doesn't contain a multipart/form-data or multipart/mixed stream, content type header is null
		at org.apache.tomcat.util.http.fileupload.impl.FileItemIteratorImpl.init(FileItemIteratorImpl.java:151)
		at org.apache.tomcat.util.http.fileupload.impl.FileItemIteratorImpl.getMultiPartStream(FileItemIteratorImpl.java:206)
		at org.apache.tomcat.util.http.fileupload.impl.FileItemIteratorImpl.findNextItem(FileItemIteratorImpl.java:225)
		at org.apache.tomcat.util.http.fileupload.impl.FileItemIteratorImpl.<init>(FileItemIteratorImpl.java:142)
		at org.apache.tomcat.util.http.fileupload.FileUploadBase.getItemIterator(FileUploadBase.java:303)
		at org.apache.tomcat.util.http.fileupload.FileUploadBase.parseRequest(FileUploadBase.java:452)
		at org.apache.catalina.connector.Request.parseParts(Request.java:2675)
		at org.apache.catalina.connector.Request.getParts(Request.java:2537)
		at org.apache.catalina.connector.Request.getPart(Request.java:2743)
		at org.apache.catalina.connector.RequestFacade.getPart(RequestFacade.java:780)
		at jakarta.servlet.http.HttpServletRequestWrapper.getPart(HttpServletRequestWrapper.java:328)
		at thu.vn.controller.ProductController.doPost(ProductController.java:102)
		at jakarta.servlet.http.HttpServlet.service(HttpServlet.java:590)
		at jakarta.servlet.http.HttpServlet.service(HttpServlet.java:658)
		at org.apache.catalina.core.ApplicationFilterChain.internalDoFilter(ApplicationFilterChain.java:195)
		at org.apache.catalina.core.ApplicationFilterChain.doFilter(ApplicationFilterChain.java:140)
		at org.apache.tomcat.websocket.server.WsFilter.doFilter(WsFilter.java:51)
		at org.apache.catalina.core.ApplicationFilterChain.internalDoFilter(ApplicationFilterChain.java:164)
		at org.apache.catalina.core.ApplicationFilterChain.doFilter(ApplicationFilterChain.java:140)
		at org.sitemesh.webapp.contentfilter.ContentBufferingFilter.bufferAndPostProcess(ContentBufferingFilter.java:185)
		at org.sitemesh.webapp.contentfilter.ContentBufferingFilter.doFilter(ContentBufferingFilter.java:142)
		at org.sitemesh.webapp.SiteMeshFilter.doFilter(SiteMeshFilter.java:144)
		at org.sitemesh.config.ConfigurableSiteMeshFilter.doFilter(ConfigurableSiteMeshFilter.java:191)
		at org.apache.catalina.core.ApplicationFilterChain.internalDoFilter(ApplicationFilterChain.java:164)
		at org.apache.catalina.core.ApplicationFilterChain.doFilter(ApplicationFilterChain.java:140)
		at org.apache.catalina.filters.SetCharacterEncodingFilter.doFilter(SetCharacterEncodingFilter.java:115)
		at org.apache.catalina.core.ApplicationFilterChain.internalDoFilter(ApplicationFilterChain.java:164)
		at org.apache.catalina.core.ApplicationFilterChain.doFilter(ApplicationFilterChain.java:140)
		at org.apache.catalina.core.StandardWrapperValve.invoke(StandardWrapperValve.java:167)
		at org.apache.catalina.core.StandardContextValve.invoke(StandardContextValve.java:90)
		at org.apache.catalina.authenticator.AuthenticatorBase.invoke(AuthenticatorBase.java:483)
		at org.apache.catalina.core.StandardHostValve.invoke(StandardHostValve.java:116)
		at org.apache.catalina.valves.ErrorReportValve.invoke(ErrorReportValve.java:93)
		at org.apache.catalina.valves.AbstractAccessLogValve.invoke(AbstractAccessLogValve.java:666)
		at org.apache.catalina.core.StandardEngineValve.invoke(StandardEngineValve.java:74)
		at org.apache.catalina.connector.CoyoteAdapter.service(CoyoteAdapter.java:344)
		at org.apache.coyote.http11.Http11Processor.service(Http11Processor.java:398)
		at org.apache.coyote.AbstractProcessorLight.process(AbstractProcessorLight.java:63)
		at org.apache.coyote.AbstractProtocol$ConnectionHandler.process(AbstractProtocol.java:903)
		at org.apache.tomcat.util.net.NioEndpoint$SocketProcessor.doRun(NioEndpoint.java:1769)
		at org.apache.tomcat.util.net.SocketProcessorBase.run(SocketProcessorBase.java:52)
		at org.apache.tomcat.util.threads.ThreadPoolExecutor.runWorker(ThreadPoolExecutor.java:1189)
		at org.apache.tomcat.util.threads.ThreadPoolExecutor$Worker.run(ThreadPoolExecutor.java:658)
		at org.apache.tomcat.util.threads.TaskThread$WrappingRunnable.run(TaskThread.java:63)
		at java.base/java.lang.Thread.run(Thread.java:1583)
06-Sep-2026 00:48:00.142 INFO [main] org.apache.catalina.core.ApplicationContext.log SessionListener: contextDestroyed()
06-Sep-2026 00:48:00.142 INFO [main] org.apache.catalina.core.ApplicationContext.log ContextListener: contextDestroyed()
06-Sep-2026 00:48:11.565 INFO [main] org.apache.catalina.core.ApplicationContext.log ContextListener: contextInitialized()
06-Sep-2026 00:48:11.566 INFO [main] org.apache.catalina.core.ApplicationContext.log SessionListener: contextInitialized()
06-Sep-2026 00:48:11.567 INFO [main] org.apache.catalina.core.ApplicationContext.log ContextListener: attributeAdded('StockTicker', 'async.Stockticker@5cf80dfb')
06-Sep-2026 01:02:35.868 INFO [main] org.apache.catalina.core.ApplicationContext.log SessionListener: contextDestroyed()
06-Sep-2026 01:02:35.868 INFO [main] org.apache.catalina.core.ApplicationContext.log ContextListener: contextDestroyed()
06-Sep-2026 01:02:47.479 INFO [main] org.apache.catalina.core.ApplicationContext.log ContextListener: contextInitialized()
06-Sep-2026 01:02:47.479 INFO [main] org.apache.catalina.core.ApplicationContext.log SessionListener: contextInitialized()
06-Sep-2026 01:02:47.480 INFO [main] org.apache.catalina.core.ApplicationContext.log ContextListener: attributeAdded('StockTicker', 'async.Stockticker@3c9971af')
06-Sep-2026 01:04:53.243 INFO [main] org.apache.catalina.core.ApplicationContext.log SessionListener: contextDestroyed()
06-Sep-2026 01:04:53.243 INFO [main] org.apache.catalina.core.ApplicationContext.log ContextListener: contextDestroyed()
06-Sep-2026 01:05:05.029 INFO [main] org.apache.catalina.core.ApplicationContext.log ContextListener: contextInitialized()
06-Sep-2026 01:05:05.029 INFO [main] org.apache.catalina.core.ApplicationContext.log SessionListener: contextInitialized()
06-Sep-2026 01:05:05.031 INFO [main] org.apache.catalina.core.ApplicationContext.log ContextListener: attributeAdded('StockTicker', 'async.Stockticker@2dbb8da0')
